[33mΓ¥»[39m Building...
[32mΓ£ö[39m Building...
[35mBrowser bundles[39m     
[1mInitial chunk files[22m [2m | [22m[1mNames[22m           [2m | [22m [1mRaw size[22m[2m | [22m[1mEstimated transfer size[22m
[32mmain-NS744WTH.js[39m    [2m | [22m[2mmain[22m            [2m | [22m[36m351.77 kB[39m[2m | [22m               [36m90.35 kB[39m
[32mstyles-HKHCEM6C.css[39m [2m | [22m[2mstyles[22m          [2m | [22m[36m128 bytes[39m[2m | [22m              [36m128 bytes[39m

[1m [22m                   [2m | [22m[1mInitial total[22m   [2m | [22m[1m351.90 kB[22m[2m | [22m               [1m90.47 kB[22m


[35mServer bundles[39m      
[1mInitial chunk files[22m [2m | [22m[1mNames[22m           [2m | [22m [1mRaw size[22m
[32mserver.mjs[39m          [2m | [22m[2mserver[22m          [2m | [22m[36m810.66 kB[39m[2m | [22m                       
[32mmain.server.mjs[39m     [2m | [22m[2mmain.server[22m     [2m | [22m[36m796.89 kB[39m[2m | [22m                       
[32mpolyfills.server.mjs[39m[2m | [22m[2mpolyfills.server[22m[2m | [22m[36m234.29 kB[39m[2m | [22m                       
[32mchunk-L2MVFUKD.mjs[39m  [2m | [22m[2m-[22m               [2m | [22m  [36m1.32 kB[39m[2m | [22m                       
[32mchunk-T55IDOPT.mjs[39m  [2m | [22m[2m-[22m               [2m | [22m[36m976 bytes[39m[2m | [22m                       

[1mLazy chunk files[22m    [2m | [22m[1mNames[22m           [2m | [22m [1mRaw size[22m
[32mchunk-HKQTHSU5.mjs[39m  [2m | [22m[2mxhr2[22m            [2m | [22m [36m12.15 kB[39m[2m | [22m                       
[32mchunk-QN7HHIJH.mjs[39m  [2m | [22m[2mxhr2[22m            [2m | [22m [36m12.08 kB[39m[2m | [22m                       

[35mPrerendered 8 static routes.[39m
Application bundle generation complete. [7.343 seconds]

Output location: D:\Angular\SchoolProject\dist\SchoolProject

